
> assk-web@0.1.0 build
> next build

node.exe : ΓÜá Warning: Next.js inferred your 
workspace root, but it may not be correct.
At line:1 char:1
+ & "C:\Program Files\nodejs/node.exe" 
"C:\Program Files\nodejs/node_mo ...
+ ~~~~~~~~~~~~~~~~~~~~~~~~~~~~~~~~~~~~~~~~~~~~~~
~~~~~~~~~~~~~~~~~~~~~~~
    + CategoryInfo          : NotSpecified: (ΓÜ 
   á Warning: Ne...not be correct.:String) [],  
   RemoteException
    + FullyQualifiedErrorId : NativeCommandErro 
   r
 
 We detected multiple lockfiles and selected 
the directory of 
C:\Users\LENOVO\package-lock.json as the root 
directory.
 To silence this warning, set `turbopack.root` 
in your Next.js config, or consider removing 
one of the lockfiles if it's not needed.
   See https://nextjs.org/docs/app/api-reference
/config/next-config-js/turbopack#root-directory 
for more information.
 Detected additional lockfiles: 
   * C:\Users\LENOVO\Desktop\ASSK 
APP\assk-web\package-lock.json

Γû▓ Next.js 16.1.6 (Turbopack)
- Environments: .env.local

ΓÜá The "middleware" file convention is 
deprecated. Please use "proxy" instead. Learn 
more: https://nextjs.org/docs/messages/middlewar
e-to-proxy
  Creating an optimized production build ...
Γ£ô Compiled successfully in 12.3s
  Running TypeScript ...
Failed to compile.

./src/components/chat/AIChatWidget.tsx:4:24
Type error: '"@ai-sdk/react"' has no exported 
member named 'Message'. Did you mean 
'UIMessage'?

[0m [90m 2 |[39m
 [90m 3 |[39m [36mimport[39m { 
useState[33m,[39m useRef[33m,[39m useEffect 
} [36mfrom[39m [32m'react'[39m[33m;[39m
[31m[1m>[22m[39m[90m 4 |[39m 
[36mimport[39m { useChat[33m,[39m type 
[33mMessage[39m } [36mfrom[39m 
[32m'@ai-sdk/react'[39m[33m;[39m
 [90m   |[39m                        
[31m[1m^[22m[39m
 [90m 5 |[39m [36mimport[39m 
[33mReactMarkdown[39m [36mfrom[39m 
[32m'react-markdown'[39m[33m;[39m
 [90m 6 |[39m [36mimport[39m { 
[33mMessageCircle[39m[33m,[39m 
[33mX[39m[33m,[39m 
[33mSend[39m[33m,[39m 
[33mBot[39m[33m,[39m 
[33mUser[39m[33m,[39m [33mLoader2[39m } 
[36mfrom[39m 
[32m'lucide-react'[39m[33m;[39m
 [90m 7 |[39m[0m
Next.js build worker exited with code: 1 and 
signal: null
